util.c:4:5:fpmul	48	static
util.c:15:5:fpmul_approx	48	static
util.c:26:5:fpadd	48	static
util.c:36:5:amul	48	static
util.c:46:5:emul	48	static
util.c:57:5:fpsub	48	static
util.c:68:5:fpdiv	48	static
util.c:78:6:checkprint_str	32	static
util.c:83:6:checkprint_float	32	static
util.c:88:6:checkprint_int	32	static
util.c:92:6:display_print	48	static
util.c:148:6:signal_fin	16	static
util.c:156:6:signal_kill_sim	16	static
util.c:180:6:emb_assert	32	static
util.c:183:10:extractSign	32	static
util.c:187:1:strncasecmp	48	static
util.c:196:1:strcasestr	48	static
util.c:204:10:fp_ExtractSign	32	static
util.c:209:10:extractExponent	32	static
util.c:214:10:fp_ExtractExponent	32	static
util.c:219:10:extractFraction	32	static
util.c:224:10:fp_ExtractFraction	32	static
util.c:230:11:makeFloat	32	static
util.c:236:6:multiply_fractions	80	static
util.c:276:11:float_mul	80	static
util.c:296:11:float_add	80	static
util.c:361:11:float_sub	48	static
util.c:371:10:fractionToBinary_int_exist	64	static
util.c:393:10:fractionToBinary_int_non_exist	64	static
util.c:431:11:stringToFloat	80	static
util.c:505:11:float_divide	80	static
util.c:550:11:float_asin	80	static
util.c:581:10:fp_Asin_simple	80	static
util.c:613:10:fp_Asin	96	static
util.c:644:11:float_asin_Taylor_series	96	static
util.c:680:11:float_Sqrt_Taylor_series	112	static
util.c:740:10:fp_Sqrt	80	static
util.c:777:10:fp_Sqrt_x_lt_30	128	static
util.c:826:11:float_Cos_Taylor_series	80	static
util.c:858:10:fp_Cos	128	static
util.c:922:10:fp_Sin	128	static
util.c:978:11:power	64	static
util.c:1000:10:fp_Pow	64	static
util.c:1048:10:fp_Fabs	32	static
util.c:1054:10:fp_Reg2deg	48	static
util.c:1059:10:eg2rad	48	static
util.c:1064:10:fp_Acos	48	static
util.c:1071:6:intToString	48	static
util.c:1099:10:fp_Exp	528	static
util.c:1174:5:cast_Fp_To_Int	64	static
util.c:1200:10:int_to_float	64	static
util.c:1239:6:memset_Char_t	32	static
util.c:1241:6:memset_Int_t	32	static
util.c:1316:10:signInv	48	static
util.c:1327:6:PrintInt	96	static
util.c:1351:6:PrintUInt	96	static
util.c:1372:6:Print	64	static
util.c:1450:6:snPrint	112	static
util.c:1613:6:printHex	112	static
util.c:1621:5:strlen	48	static
util.c:1630:6:strncpy	48	static
util.c:1643:6:strcpy	32	static
util.c:1666:6:srand	48	static
util.c:1678:14:rand	32	static
util.c:1716:5:strcmp	32	static
util.c:1726:10:atof	48	static
util.c:1755:10:floor	48	static
util.c:1773:5:atoi	48	static
