costum_math.c:6:10:extractSign	32	static
costum_math.c:11:10:fp_ExtractSign	32	static
costum_math.c:16:10:extractExponent	32	static
costum_math.c:21:10:fp_ExtractExponent	32	static
costum_math.c:26:10:extractFraction	32	static
costum_math.c:31:10:fp_ExtractFraction	32	static
costum_math.c:37:11:makeFloat	32	static
costum_math.c:43:6:multiply_fractions	80	static
costum_math.c:83:11:float_mul	80	static
costum_math.c:103:11:float_add	80	static
costum_math.c:168:11:float_sub	48	static
costum_math.c:178:10:fractionToBinary_int_exist	64	static
costum_math.c:200:10:fractionToBinary_int_non_exist	64	static
costum_math.c:238:11:stringToFloat	80	static
costum_math.c:312:11:float_divide	80	static
costum_math.c:357:11:float_asin	80	static
costum_math.c:388:5:fp_Asin_simple	80	static
costum_math.c:420:5:fp_Asin	96	static
costum_math.c:451:11:float_asin_Taylor_series	96	static
costum_math.c:487:11:float_Sqrt_Taylor_series	112	static
costum_math.c:548:5:fp_Sqrt	112	static
costum_math.c:591:11:float_Cos_Taylor_series	80	static
costum_math.c:623:5:fp_Cos	96	static
costum_math.c:660:10:fp_Sin	48	static
costum_math.c:666:11:power	64	static
costum_math.c:688:5:fp_Pow	64	static
costum_math.c:736:5:fp_Fabs	32	static
costum_math.c:742:5:fp_Reg2deg	48	static
costum_math.c:747:5:eg2rad	48	static
costum_math.c:752:5:fp_Acos	48	static
costum_math.c:759:6:intToString	48	static
costum_math.c:787:5:fp_Exp	32	static
costum_math.c:792:5:cast_Fp_To_Int	48	static
costum_math.c:806:10:int_to_float	64	static
costum_math.c:833:6:memset_Char_t	48	static
costum_math.c:840:6:memset_Int_t	32	static
