nodes.h:8:6:init_nodes	32	static
prgs.h:5:6:init_prgs	32	static
arch.h:11:6:init_archs	32	static
energy_harvester.h:5:6:init_charges	32	static
print.h:38:13:print_char	32	static
print.h:46:6:print_str	32	static
print.h:57:6:print_dec	48	static
print.h:84:6:print_hex	48	static
print.h:95:6:print_bin	48	static
print.h:106:6:print_fix	80	static
print.h:144:6:print_fixed	64	static
print.h:229:6:print_node	32	static
print.h:239:6:print_prg	32	static
print.h:249:6:print_str_dec_nl	32	static
print.h:261:6:nl	16	static
print.h:269:6:print_add	32	static
print.h:277:6:print_sub	32	static
print.h:285:6:print_mul	32	static
print.h:293:6:print_div	32	static
print.h:301:6:print_calculation	32	static
print.h:315:6:print_fixed_add	32	static
print.h:323:6:print_fixed_sub	32	static
print.h:331:6:print_fixed_mul	32	static
print.h:339:6:print_fixed_div	32	static
print.h:347:6:print_fixed_calculation	32	static
util.h:21:13:signal_fin	16	static
util.h:26:6:signal_kill_sim	16	static
util.h:34:6:emb_assert	32	static
fixed_point.h:2:14:fixed_mul_8q8	48	static
fixed_point.h:9:14:fixed_div_8q8	48	static
clk_func.h:2:14:clk_cnt_to_ms	48	static
clk_func.h:21:14:ms_to_clk_cnt	48	static
math_func.h:2:14:clamp_add	48	static
math_func.h:25:14:clamp_sub	48	static
time_func.h:2:6:time_update_global	32	static
time_func.h:14:6:time_advance	48	static
time_func.h:28:5:time_reached_cnt_t	32	static
time_func.h:32:5:time_reached	32	static
time_func.h:54:14:time_get_cnt_until	32	static
nodes_func.h:18:14:get_busy_node_mask	16	static
nodes_func.h:28:14:get_idle_node_mask	32	static
nodes_func.h:53:14:get_finished_nodes_mask	48	static
nodes_func.h:86:6:node_set_busy	32	static
nodes_func.h:100:6:nodes_set_idle	32	static
nodes_func.h:138:5:node_is_busy	32	static
nodes_func.h:158:6:node_assign_prg	32	static
nodes_func.h:179:6:nodes_report_charges	32	static
prgs_func.h:11:6:prgs_estimate_execution_times	32	static
prgs_func.h:65:6:prg_estimate_execution_time	48	static
prgs_func.h:123:6:prgs_execution_time_debug	32	static
prgs_func.h:153:5:prgs_get_execution_time_in_ms	32	static
prgs_func.h:164:6:prgs_set_relative_deadline	32	static
prgs_func.h:182:10:prgs_get_relative_deadline_debug	32	static
prgs_func.h:225:6:prgs_set_period	32	static
prgs_func.h:241:6:prgs_set_period_clk_cnt	32	static
prgs_func.h:275:6:prgs_estimate_energy_requirements	32	static
prgs_func.h:292:6:estimate_energy_requirement	32	static
prgs_func.h:316:6:prgs_set_initial_deadlines	32	static
prgs_func.h:343:10:rep_prgs_set_initial_deadlines	32	static
prgs_func.h:367:6:prg_set_next_deadline	48	static
prgs_func.h:422:6:prgs_check_if_finished	32	static
prgs_func.h:488:6:prg_set_inactive	48	static
prgs_func.h:506:6:prg_set_active	32	static
prgs_func.h:528:5:prg_is_running	32	static
prgs_func.h:548:10:prgs_summary	32	static
prgs_func.h:588:6:prgs_set_ready	48	static
arch_func.h:11:6:archs_get_preferred	32	static
queue_func.h:2:6:queue_build_event_queue	32	static
partition_func.h:10:5:partition_eh_ra	48	static
partition_func.h:179:10:rep_partition	32	static
partition_func.h:207:6:create_task_array	32	static
partition_func.h:359:10:rep_prgs_list	32	static
scheduler.h:24:5:get_prg_apply_edh_rules	48	static
scheduler.h:167:5:L_r_empty	48	static
scheduler.h:198:5:get_prg_i_via_edf	64	static
scheduler.h:255:14:E	32	static
scheduler.h:262:5:E_is_empty	32	static
scheduler.h:279:5:is_empty	32	static
scheduler.h:291:5:E_is_full	32	static
scheduler.h:318:14:SE	64	static
scheduler.h:414:14:ST	64	static
scheduler.h:517:14:SE_tau	48	static
scheduler.h:579:14:ST_tau	48	static
scheduler.h:622:14:Es	48	static
scheduler.h:678:14:g	64	static
scheduler.h:756:14:h	64	static
main.c:168:6:trap	16	static
main.c:175:6:img_test	64	static
main.c:230:6:my_main	64	static
