print.h:38:13:print_char	32	static
print.h:46:6:print_str	32	static
print.h:57:6:print_dec	48	static
print.h:84:6:print_hex	48	static
print.h:95:6:print_bin	48	static
print.h:106:6:print_fix	80	static
print.h:144:6:print_fixed	64	static
print.h:229:6:print_node	32	static
print.h:239:6:print_prg	32	static
print.h:249:6:print_str_dec_nl	32	static
print.h:261:6:nl	16	static
print.h:269:6:print_add	32	static
print.h:277:6:print_sub	32	static
print.h:285:6:print_mul	32	static
print.h:293:6:print_div	32	static
print.h:301:6:print_calculation	32	static
print.h:315:6:print_fixed_add	32	static
print.h:323:6:print_fixed_sub	32	static
print.h:331:6:print_fixed_mul	32	static
print.h:339:6:print_fixed_div	32	static
print.h:347:6:print_fixed_calculation	32	static
util.h:21:13:signal_fin	16	static
util.h:26:6:signal_kill_sim	16	static
util.h:34:6:emb_assert	32	static
fixed_point.h:2:14:fixed_mul_8q8	48	static
fixed_point.h:9:14:fixed_div_8q8	48	static
clk_func.h:2:14:clk_cnt_to_ms	48	static
clk_func.h:21:14:ms_to_clk_cnt	48	static
time_func.h:2:6:time_init	32	static
time_func.h:8:6:time_reset_hw_cntr	16	static
time_func.h:16:6:time_update_global	32	static
time_func.h:28:20:time_record_global_cnt	32	static
time_func.h:34:28:time_diff	32	static
time_func.h:46:6:time_advance	48	static
time_func.h:60:5:time_reached_cnt_t	32	static
time_func.h:64:5:time_reached	32	static
time_func.h:86:14:time_get_cnt_until	32	static
interval_func.h:2:6:interval_advance	32	static
interval_func.h:7:5:interval_reached	32	static
main.c:154:6:trap	16	static
main.c:161:6:img_test	64	static
main.c:229:5:get_color	48	static
main.c:282:5:clamp	32	static
main.c:310:6:img_test2	96	static
main.c:557:6:my_main	16	static
