print.h:38:13:print_char	32	static
print.h:46:6:print_str	32	static
print.h:57:6:print_dec	48	static
print.h:81:6:print_signed	48	static
print.h:103:6:print_hex	48	static
print.h:114:6:print_bin	48	static
print.h:125:6:print_fix	80	static
print.h:163:6:print_fixed	64	static
print.h:248:6:print_node	32	static
print.h:258:6:print_prg	32	static
print.h:268:6:print_str_dec_nl	32	static
print.h:280:6:nl	16	static
print.h:288:6:print_add	32	static
print.h:296:6:print_sub	32	static
print.h:304:6:print_mul	32	static
print.h:312:6:print_div	32	static
print.h:320:6:print_calculation	32	static
print.h:334:6:print_fixed_add	32	static
print.h:342:6:print_fixed_sub	32	static
print.h:350:6:print_fixed_mul	32	static
print.h:358:6:print_fixed_div	32	static
print.h:366:6:print_fixed_calculation	32	static
util.h:21:13:signal_fin	16	static
util.h:26:6:signal_kill_sim	16	static
util.h:34:6:emb_assert	32	static
fixed_point.h:2:14:fixed_mul_8q8	48	static
fixed_point.h:9:14:fixed_div_8q8	48	static
clk_func.h:2:14:clk_cnt_to_ms	48	static
clk_func.h:21:14:ms_to_clk_cnt	48	static
time_func.h:2:6:time_init	32	static
time_func.h:8:6:time_reset_hw_cntr	16	static
time_func.h:16:6:time_update_global	32	static
time_func.h:46:6:time_advance	48	static
time_func.h:60:5:time_reached_cnt_t	32	static
time_func.h:64:5:time_reached	32	static
time_func.h:86:14:time_get_cnt_until	32	static
interval_func.h:2:6:interval_advance	32	static
interval_func.h:7:5:interval_reached	32	static
main.c:159:5:amul	32	static
main.c:170:5:emul	32	static
main.c:196:6:trap	16	static
main.c:203:6:img_test	64	static
main.c:261:5:get_color	48	static
main.c:314:5:clamp	32	static
main.c:372:5:mul	48	static
main.c:396:6:img_test2	80	static
main.c:610:6:my_main	64	static
