util.c:4:5:fpmul	48	static
util.c:15:5:fpmul_approx	48	static
util.c:26:5:fpadd	48	static
util.c:36:5:amul	48	static
util.c:46:5:emul	48	static
util.c:57:5:fpsub	48	static
util.c:68:5:fpdiv	48	static
util.c:78:6:checkprint_str	32	static
util.c:83:6:checkprint_float	32	static
util.c:88:6:checkprint_int	32	static
util.c:92:6:display_print	48	static
util.c:148:6:signal_fin	16	static
util.c:156:6:signal_kill_sim	16	static
util.c:180:6:emb_assert	32	static
util.c:183:10:extractSign	32	static
util.c:188:10:fp_ExtractSign	32	static
util.c:193:10:extractExponent	32	static
util.c:198:10:fp_ExtractExponent	32	static
util.c:203:10:extractFraction	32	static
util.c:208:10:fp_ExtractFraction	32	static
util.c:214:11:makeFloat	32	static
util.c:220:6:multiply_fractions	80	static
util.c:260:11:float_mul	80	static
util.c:280:11:float_add	80	static
util.c:345:11:float_sub	48	static
util.c:355:10:fractionToBinary_int_exist	64	static
util.c:377:10:fractionToBinary_int_non_exist	64	static
util.c:415:11:stringToFloat	80	static
util.c:489:11:float_divide	80	static
util.c:534:11:float_asin	80	static
util.c:565:10:fp_Asin_simple	80	static
util.c:597:10:fp_Asin	96	static
util.c:628:11:float_asin_Taylor_series	96	static
util.c:664:11:float_Sqrt_Taylor_series	112	static
util.c:724:10:fp_Sqrt	80	static
util.c:761:10:fp_Sqrt_x_lt_30	128	static
util.c:810:11:float_Cos_Taylor_series	80	static
util.c:842:10:fp_Cos	128	static
util.c:906:10:fp_Sin	128	static
util.c:962:11:power	64	static
util.c:984:10:fp_Pow	64	static
util.c:1032:10:fp_Fabs	32	static
util.c:1038:10:fp_Reg2deg	48	static
util.c:1043:10:eg2rad	48	static
util.c:1048:10:fp_Acos	48	static
util.c:1055:6:intToString	48	static
util.c:1083:10:fp_Exp	528	static
util.c:1158:5:cast_Fp_To_Int	64	static
util.c:1184:10:int_to_float	64	static
util.c:1223:6:memset_Char_t	32	static
util.c:1225:6:memset_Int_t	32	static
util.c:1300:10:signInv	48	static
util.c:1311:6:PrintInt	48	static
util.c:1341:6:Print	64	static
util.c:1409:6:snPrint	112	static
